{
  "compilerOptions": {
    "baseUrl": "./",
    "paths": {
    	"views/*": ["generated/templates/views/*"]
    },
    "outDir": "dist"
  }
}
